Assignment 11
Aim: To implement cursors in mySQL.
Theory:
Cursor is a Temporary Memory or Temporary Work Station. It is Allocated by Database Server at the Time of Performing DML(Data Manipulation Language) operations on the Table by the User. Cursors are used to store Database Tables.  Implicit Cursors: Implicit Cursors are also known as Default Cursors of SQL SERVER. These Cursors are allocated by SQL SERVER when the user performs DML operations.Explicit Cursors: Explicit Cursors are Created by Users whenever the user requires them. Explicit Cursors are used for Fetching data from Table in Row-By-Row Manner.

Queries:
mysql> delimiter $$
mysql> CREATE procedure CPr()
    -> BEGIN
    -> DECLARE done INT(10) DEFAULT 0;
    -> DECLARE i varchar(20);
    -> DECLARE n varchar(100);
    -> declare curs1 CURSOR FOR select rollNo,name from student;
    -> declare CONTINUE HANDLER FOR NOT FOUND set done=1;
    -> OPEN curs1;
    -> read_loop:LOOP
    -> fetch curs1 INTO i,n;
    -> If done=1 THEN
    -> leave read_loop;
    -> end if;
    -> select i,n;
    -> end loop read_loop;
    -> close curs1;
    -> end;
    -> $$
Query OK, 0 rows affected, 1 warning (0.29 sec)

mysql> CALL CPr();
    -> $$
+------+---------+
| i    | n       |
+------+---------+
| 43   | shrutik |
+------+---------+
1 row in set (0.22 sec)

+------+--------+
| i    | n      |
+------+--------+
| 28   | SHANIA |
+------+--------+
1 row in set (0.22 sec)

Query OK, 0 rows affected (0.22 sec)

mysql> alter table person add column email varchar(50);
    -> $$
Query OK, 0 rows affected (0.38 sec)
Records: 0  Duplicates: 0  Warnings: 0

mysql> desc person;
    -> $$
+-------+--------------+------+-----+---------+-------+
| Field | Type         | Null | Key | Default | Extra |
+-------+--------------+------+-----+---------+-------+
| fname | char(10)     | YES  |     | NULL    |       |
| lname | char(10)     | YES  |     | NULL    |       |
| id    | decimal(8,0) | NO   | PRI | NULL    |       |
| email | varchar(50)  | YES  |     | NULL    |       |
+-------+--------------+------+-----+---------+-------+
4 rows in set (0.00 sec)

mysql> update person set email='aman@gmail.com' where id like 38;
    -> $$
Query OK, 1 row affected (0.10 sec)
Rows matched: 1  Changed: 1  Warnings: 0

mysql> update person set email='anish@gmail.com' where id like 43;
    -> $$
Query OK, 1 row affected (0.41 sec)
Rows matched: 1  Changed: 1  Warnings: 0

mysql> update person set email='anvay@gmail.com' where id like 63;
    -> $$
Query OK, 1 row affected (1.01 sec)
Rows matched: 1  Changed: 1  Warnings: 0

mysql> select * from person;
    -> $$
+-------+----------+----+-----------------+
| fname | lname    | id | email           |
+-------+----------+----+-----------------+
| aman  | kapadia  | 38 | aman@gmail.com  |
| anish | kirtikar | 43 | anish@gmail.com |
| anvay | shroff   | 63 | anvay@gmail.com |
+-------+----------+----+-----------------+
3 rows in set (0.00 sec)

mysql> delimiter ##
mysql> CREATE procedure build_email_list(INOUT email_list varchar(400))
    -> BEGIN
    -> DECLARE v_finished INTEGER DEFAULT 0;
    -> declare v_email varchar(100) DEFAULT "";
    -> DECLARE email_cursor CURSOR FOR
    -> SELECT email from person;
    -> DECLARE CONTINUE HANDLER
    -> FOR NOT FOUND set v_finished=1;
    -> OPEN email_cursor;
    -> get_email:LOOP
    -> FETCH email_cursor INTO v_email;
    -> IF v_finished=1 THEN
    -> LEAVE get_email;
    -> END IF;
    -> SET email_list=CONCAT(v_email,";",email_list);
    -> END LOOP get_email;
    -> CLOSE email_cursor;
    -> END;
    -> ##
Query OK, 0 rows affected (0.09 sec)

mysql> SET @email_list="";
    -> ##
Query OK, 0 rows affected (0.04 sec)

mysql> CALL build_email_list(@email_list);
    -> ##
Query OK, 0 rows affected (0.02 sec)

mysql> select @email_list;
    -> ##
+-------------------------------------------------+
| @email_list                                     |
+-------------------------------------------------+
| anvay@gmail.com;anish@gmail.com;aman@gmail.com; |
+-------------------------------------------------+
1 row in set (0.00 sec)

